Program could not be executed: Did not have exactly one main()
